// Jest Snapshot v1, https://goo.gl/fbAQLP

exports[`StatusErrorDiv styled component snapshot testing Snapshot for StatusErrorDiv 1`] = `
.c0 {
  position: absolute;
  width: 100%;
  height: 100%;
  display: -webkit-box;
  display: -webkit-flex;
  display: -ms-flexbox;
  display: flex;
  -webkit-box-pack: center;
  -webkit-justify-content: center;
  -ms-flex-pack: center;
  justify-content: center;
  -webkit-flex-direction: column;
  -ms-flex-direction: column;
  flex-direction: column;
  -webkit-align-items: center;
  -webkit-box-align: center;
  -ms-flex-align: center;
  align-items: center;
  background: url(p404.png), #151729;
  box-shadow: 0 15px 30px rgba(0,0,0,0.5);
}

.c0 div {
  display: -webkit-box;
  display: -webkit-flex;
  display: -ms-flexbox;
  display: flex;
  -webkit-flex-direction: column;
  -ms-flex-direction: column;
  flex-direction: column;
  height: 20rem;
  max-width: 600px;
  text-align: center;
}

.c0 h2 {
  margin-bottom: 3rem;
  font-size: 5rem;
  color: #FFFFFF;
  line-height: 1rem;
}

.c0 p {
  color: #FFFFFF;
  font-size: 2rem;
}

.c0 a {
  margin-top: 2.5rem;
  color: #FFFFFF;
  border-radius: 25px;
}

<div
  className="c0"
/>
`;
